/*C2*/SET SCHEMA PUBLIC
DISCONNECT
/*C3*/SET SCHEMA PUBLIC
INSERT INTO ALUNOS VALUES(123,'aaa','2002-07-01',2222.00)
COMMIT
/*C4*/SET SCHEMA PUBLIC
DISCONNECT
/*C3*/DISCONNECT
/*C5*/SET SCHEMA PUBLIC
INSERT INTO ALUNOS VALUES(111,'abc','2002-07-01',3333.00)
COMMIT
/*C6*/SET SCHEMA PUBLIC
create table Funcionarios(\u000a  re int,\u000a  nome varchar(50),\u000a  dataAdmissao date,\u000a  salario decimal(15,2),\u000a  primary key(re))
/*C5*/DISCONNECT
